87873547897899 49884390439 4344392 55534343 233343432 556656432